// Jest Snapshot v1, https://goo.gl/fbAQLP

exports[`ecl-description-list renders 1`] = `
<ecl-description-list theme="ec" variant="vertical">
  <!---->
  <dl class="ecl-description-list ecl-description-list--vertical">
    <ecl-description-list-term theme="ec">
      Standard text
    </ecl-description-list-term>
    <ecl-description-list-definition theme="ec" type="text">
      Lorem ipsum dolor sit amet,
      <a class="ecl-link" href="/component-library/example">
        consectetur adipiscing elit
      </a>
      . Suspendisse ut sapien condimentum, aliquet turpis sit amet, finibus purus. Donec porttitor iaculis felis ut dapibus. Sed blandit, massa ac suscipit facilisis
    </ecl-description-list-definition>
    <ecl-description-list-term theme="ec">
      Standalone links
    </ecl-description-list-term>
    <ecl-description-list-definition items="[{&quot;label&quot;: &quot;Lorem ipsum dolor sit amet&quot;, &quot;path&quot;: &quot;/example.html&quot;, &quot;icon&quot;: &quot;copy&quot;},{&quot;label&quot;: &quot;Lorem ipsum dolor sit amet&quot;, &quot;path&quot;: &quot;/example.html&quot;, &quot;icon&quot;: &quot;download&quot;}]" theme="ec" type="link"></ecl-description-list-definition>
    <ecl-description-list-term theme="ec">
      Links inline
    </ecl-description-list-term>
    <ecl-description-list-definition items="[{&quot;label&quot;: &quot;Lorem ipsum dolor sit amet&quot;, &quot;path&quot;: &quot;/example.html&quot;},{&quot;label&quot;: &quot;Lorem ipsum dolor sit amet&quot;, &quot;path&quot;: &quot;/example.html&quot;}]" theme="ec" type="inline"></ecl-description-list-definition>
    <ecl-description-list-term theme="ec">
      Taxonomy list
    </ecl-description-list-term>
    <ecl-description-list-definition items="[&quot;Taxonomy item 1&quot;,{&quot;label&quot;: &quot;Taxonomy item 2&quot;, &quot;path&quot;: &quot;/example.html&quot;},&quot;Taxonomy item 3&quot;]" theme="ec" type="taxonomy"></ecl-description-list-definition>
  </dl>
</ecl-description-list>
`;
