// Jest Snapshot v1, https://goo.gl/fbAQLP

exports[`ecl-blockquote renders 1`] = `
<ecl-blockquote author="President Juncker" image="https://inno-ecl.s3.amazonaws.com/media/example.htmls/example.html-image-square.jpg" theme="ec">
  <!---->
  <figure class="ecl-blockquote">
    <div class="ecl-blockquote__body">
      <blockquote class="ecl-blockquote__quote">
        <p class="ecl-blockquote__citation">
          An interconnected grid will help deliver the ultimate goal of the Energy Union, to make sure affordable, secure and sustainable energy, and also growth across the EU.
        </p>
      </blockquote>
      <footer class="ecl-blockquote__attribution">
        <cite class="ecl-blockquote__author">
          President Juncker
        </cite>
      </footer>
    </div>
    <ecl-picture image="https://inno-ecl.s3.amazonaws.com/media/example.htmls/example.html-image-square.jpg" imgclass="ecl-blockquote__image sc-ecl-blockquote-ec" styleclass="ecl-blockquote__picture sc-ecl-picture-ec"></ecl-picture>
  </figure>
</ecl-blockquote>
`;
