// Jest Snapshot v1, https://goo.gl/fbAQLP

exports[`ecl-inpage-navigation renders 1`] = `
<ecl-inpage-navigation ecl-script="" inpage-id="inpage-id" inpage-title="Page contents" theme="ec">
  <!---->
  <nav aria-labelledby="inpage-id" class="ecl-inpage-navigation" data-ecl-inpage-navigation>
    <div class="ecl-inpage-navigation__title" id="inpage-id">
      Page contents
    </div>
    <div class="ecl-inpage-navigation__body">
      <button aria-controls="ecl-inpage-navigation-list" aria-expanded="false" aria-label="" class="ecl-inpage-navigation__trigger sc-ecl-inpage-navigation-ec" data-ecl-inpage-navigation-trigger id="inpage-id-trigger">
        <span class="ecl-inpage-navigation__trigger-current" data-ecl-inpage-navigation-trigger-current></span>
        <ecl-icon icon="corner-arrow" size="s" style-class="ecl-inpage-navigation__trigger-icon" transform="rotate-180"></ecl-icon>
      </button>
      <ul class="ecl-inpage-navigation__list" data-ecl-inpage-navigation-list id="inpage-id-list">
        <li class="ecl-inpage-navigation__item sc-ecl-inpage-navigation-ec">
          <ecl-link data-ecl-inpage-navigation-link path="#inline-nav-1" style-class="ecl-inpage-navigation__link sc-ecl-inpage-navigation-ec">
            Heading 1
          </ecl-link>
        </li>
        <li class="ecl-inpage-navigation__item sc-ecl-inpage-navigation-ec">
          <ecl-link data-ecl-inpage-navigation-link path="#inline-nav-2" style-class="ecl-inpage-navigation__link sc-ecl-inpage-navigation-ec">
            Heading 2 with a long title going on several lines
          </ecl-link>
        </li>
        <li class="ecl-inpage-navigation__item sc-ecl-inpage-navigation-ec">
          <ecl-link data-ecl-inpage-navigation-link path="#inline-nav-3" style-class="ecl-inpage-navigation__link sc-ecl-inpage-navigation-ec">
            Heading 3
          </ecl-link>
        </li>
        <li class="ecl-inpage-navigation__item sc-ecl-inpage-navigation-ec">
          <ecl-link data-ecl-inpage-navigation-link path="inline-nav-4" style-class="ecl-inpage-navigation__link sc-ecl-inpage-navigation-ec">
            Heading 4
          </ecl-link>
        </li>
      </ul>
    </div>
  </nav>
</ecl-inpage-navigation>
`;
