// Jest Snapshot v1, https://goo.gl/fbAQLP

exports[`ecl-carousel renders 1`] = `
<ecl-carousel color-mode="orange">
  <!---->
  <section aria-roledescription="carousel" class="ecl-carousel ecl-color-mode--orange" data-ecl-carosuel data-ecl-carousel-counter-label="of">
    <div class="ecl-carousel__controls">
      <div class="ecl-container">
        <div class="ecl-carousel__navigation">
          <div class="ecl-carousel__pager-container">
            <ecl-slider-pager dotextraclasses="ecl-carousel__dot sc-ecl-carousel-ec" dotsextraclasses="ecl-carousel__dots sc-ecl-carousel-ec" hidelabel="" nextextraclasses="ecl-carousel__next sc-ecl-carousel-ec" pauseextraclasses="ecl-carousel__pause sc-ecl-carousel-ec" playextraclasses="ecl-carousel__play sc-ecl-carousel-ec" playpause="" prevextraclasses="ecl-carousel__prev sc-ecl-carousel-ec" size="m" srnext="Next slides" srpause="Pause carousel" srplay="Play carousel" srprev="Prev slides" styleclass="ecl-carousel__pager sc-ecl-carousel-ec" templatedataattribute="data-ecl-carousel-dot-template"></ecl-slider-pager>
            <div class="ecl-carousel__counter" dir="ltr"></div>
          </div>
          <div class="ecl-carousel__teasers" role="tablist"></div>
        </div>
      </div>
    </div>
    <div class="ecl-carousel__viewport">
      <div class="ecl-carousel__slides">
        <ecl-carousel-item banner-title="Duis vitae pulvinar turpis" banner-variant="text-box" centered="false" cta-label="Subscribe" cta-link="/example.html" image="https://inno-ecl.s3.amazonaws.com/media/examples/example-image.jpg" size="l">
          Integer quis lorem tellus. Nullam sollicitudin suscipit diam, ac blandit ipsum tempor consectetur
        </ecl-carousel-item>
        <ecl-carousel-item banner-title="Duis vitae pulvinar turpis" banner-variant="text-highlight" centered="false" cta-label="Subscribe" cta-link="/example.html" image="https://inno-ecl.s3.amazonaws.com/media/examples/example-image.jpg" size="l">
          Integer quis lorem tellus. Nullam sollicitudin suscipit diam, ac blandit ipsum tempor consectetur
        </ecl-carousel-item>
        <ecl-carousel-item banner-title="Duis vitae pulvinar turpis" banner-variant="image-overlay" cta-label="Subscribe" cta-link="/example.html" image="https://inno-ecl.s3.amazonaws.com/media/examples/example-image.jpg" size="l">
          Integer quis lorem tellus. Nullam sollicitudin suscipit diam, ac blandit ipsum tempor consectetur
        </ecl-carousel-item>
      </div>
    </div>
  </section>
</ecl-carousel>
`;
