// Jest Snapshot v1, https://goo.gl/fbAQLP

exports[`ecl-carousel renders 1`] = `
<ecl-carousel carousel-id="ecl-carousel-demo" ecl-script="" slides-number="3">
  <!---->
  <div class="ecl-carousel" data-ecl-carosuel style="opacity: 0;">
    <div class="ecl-carousel__controls" style="display: none;">
      <div class="ecl-container">
        <div class="ecl-carousel__autoplay">
          <ecl-button buttonstyle="neutral" hidelabel="" styleclass="ecl-carousel__play sc-ecl-carousel-ec" type="button" variant="tertiary">
            <ecl-icon slot="icon-after" style-class="ecl-carousel__icon-default sc-ecl-carousel-ec">
              <span class="ecl-carousel__icon-default ecl-icon sc-ecl-carousel-ec wt-icon--m wt-icon--placeholder wt-icon--play-outline"></span>
            </ecl-icon>
            Play carousel
          </ecl-button>
          <ecl-button buttonstyle="neutral" hidelabel="" styleclass="ecl-carousel__pause sc-ecl-carousel-ec" type="button" variant="tertiary">
            <ecl-icon slot="icon-after" style-class="ecl-carousel__icon-default sc-ecl-carousel-ec">
              <span class="ecl-carousel__icon-default ecl-icon sc-ecl-carousel-ec wt-icon--m wt-icon--pause-outline wt-icon--placeholder"></span>
            </ecl-icon>
            Pause carousel
          </ecl-button>
        </div>
        <div class="ecl-carousel__navigation" role="tablist">
          <ecl-button buttonstyle="neutral" styleclass="ecl-carousel__navigation-item sc-ecl-carousel-ec" type="button" variant="tertiary">
            1
          </ecl-button>
          <ecl-button buttonstyle="neutral" styleclass="ecl-carousel__navigation-item sc-ecl-carousel-ec" type="button" variant="tertiary">
            2
          </ecl-button>
          <ecl-button buttonstyle="neutral" styleclass="ecl-carousel__navigation-item sc-ecl-carousel-ec" type="button" variant="tertiary">
            3
          </ecl-button>
        </div>
      </div>
    </div>
    <div class="ecl-carousel__container">
      <div class="ecl-carousel__slides" id="ecl-carousel-demo" style="display: block;"></div>
    </div>
  </div>
</ecl-carousel>
`;
