// Jest Snapshot v1, https://goo.gl/fbAQLP

exports[`ecl-animated-numbers renders correctly 1`] = `
<ecl-animated-numbers counter-color="false" no-script="" sources="[
                { &quot;label&quot;: &quot;Eurostat&quot;, &quot;path&quot;: &quot;/example.html&quot; },
                { &quot;label&quot;: &quot;DG CNECT&quot;, &quot;path&quot;: &quot;/example.html&quot; }
              ]" sources-label="Sources:">
  <!---->
  <div class="ecl-animated-numbers">
    <article class="ecl-animated-numbers__wrapper">
      <div class="ecl-animated-numbers__items" role="list">
        <ecl-animated-numbers-item category="Revenue" class="ecl-animated-number sc-ecl-animated-numbers-ec" description="Ut enim ad minim veniam, quis nostrud exercitation ullamco laboris." icon="users" item-prefix="" item-suffix="€" item-suffix-label="euro" role="listitem" sources="[
                  { &quot;label&quot;: &quot;DG CNECT&quot;, &quot;path&quot;: &quot;/example.html&quot; }
                ]" sources-label="Sources:" value="213">
          <div class="ecl-animated-number__header sc-ecl-animated-numbers-ec">
            <div class="ecl-animated-number__category sc-ecl-animated-numbers-ec">
              Revenue
            </div>
            <ecl-icon style-class="ecl-animated-number__icon sc-ecl-animated-numbers-ec">
              <span class="ecl-animated-number__icon ecl-icon ecl-icon--xl sc-ecl-animated-numbers-ec wt-icon--placeholder wt-icon--primary wt-icon-phosphor--users"></span>
            </ecl-icon>
          </div>
          <div class="ecl-animated-number__content sc-ecl-animated-numbers-ec">
            <span class="ecl-animated-number__number sc-ecl-animated-numbers-ec">
              <span class="ecl-animated-number__value sc-ecl-animated-numbers-ec" data-ecl-animated-numbers-value>
                213
              </span>
              <span class="ecl-animated-number__suffix sc-ecl-animated-numbers-ec">
                <span class="ecl-animated-number__suffix-label sc-ecl-animated-numbers-ec">
                  euro
                </span>
              </span>
            </span>
            <div class="ecl-animated-number__description sc-ecl-animated-numbers-ec">
              Ut enim ad minim veniam, quis nostrud exercitation ullamco laboris.
            </div>
            <div class="ecl-animated-numbers__sources sc-ecl-animated-numbers-ec">
              <span class="ecl-animated-numbers__sources-label sc-ecl-animated-numbers-ec">
                Sources:
              </span>
              <ul class="ecl-animated-numbers__sources-list sc-ecl-animated-numbers-ec">
                <li class="ecl-animated-numbers__sources-item sc-ecl-animated-numbers-ec">
                  <ecl-link style-class="ecl-animated-numbers__source sc-ecl-animated-numbers-ec">
                    <!---->
                    <a class="ecl-animated-numbers__source ecl-link sc-ecl-animated-numbers-ec" href="/example.html">
                      DG CNECT
                    </a>
                  </ecl-link>
                </li>
              </ul>
            </div>
          </div>
        </ecl-animated-numbers-item>
        <ecl-animated-numbers-item category="Revenue" class="ecl-animated-number sc-ecl-animated-numbers-ec" description="Sed do eiusmod tempor incididunt ut labore et dolore magna aliqua." icon="currency-eur" item-prefix="billion" item-suffix="€" item-suffix-label="euro" role="listitem" sources="[
                  { &quot;label&quot;: &quot;DG CNECT&quot;, &quot;path&quot;: &quot;/example.html&quot; }
                ]" sources-label="Sources:" value="888.2">
          <div class="ecl-animated-number__header sc-ecl-animated-numbers-ec">
            <div class="ecl-animated-number__category sc-ecl-animated-numbers-ec">
              Revenue
            </div>
            <ecl-icon style-class="ecl-animated-number__icon sc-ecl-animated-numbers-ec">
              <span class="ecl-animated-number__icon ecl-icon ecl-icon--xl sc-ecl-animated-numbers-ec wt-icon--placeholder wt-icon--primary wt-icon-phosphor--currency-eur"></span>
            </ecl-icon>
          </div>
          <div class="ecl-animated-number__content sc-ecl-animated-numbers-ec">
            <span class="ecl-animated-number__number sc-ecl-animated-numbers-ec">
              <span class="ecl-animated-number__prefix sc-ecl-animated-numbers-ec"></span>
              <span class="ecl-animated-number__value sc-ecl-animated-numbers-ec" data-ecl-animated-numbers-value>
                888.2
              </span>
              <span class="ecl-animated-number__suffix sc-ecl-animated-numbers-ec">
                <span class="ecl-animated-number__suffix-label sc-ecl-animated-numbers-ec">
                  euro
                </span>
              </span>
            </span>
            <div class="ecl-animated-number__description sc-ecl-animated-numbers-ec">
              Sed do eiusmod tempor incididunt ut labore et dolore magna aliqua.
            </div>
            <div class="ecl-animated-numbers__sources sc-ecl-animated-numbers-ec">
              <span class="ecl-animated-numbers__sources-label sc-ecl-animated-numbers-ec">
                Sources:
              </span>
              <ul class="ecl-animated-numbers__sources-list sc-ecl-animated-numbers-ec">
                <li class="ecl-animated-numbers__sources-item sc-ecl-animated-numbers-ec">
                  <ecl-link style-class="ecl-animated-numbers__source sc-ecl-animated-numbers-ec">
                    <!---->
                    <a class="ecl-animated-numbers__source ecl-link sc-ecl-animated-numbers-ec" href="/example.html">
                      DG CNECT
                    </a>
                  </ecl-link>
                </li>
              </ul>
            </div>
          </div>
        </ecl-animated-numbers-item>
        <ecl-animated-numbers-item category="Revenue" class="ecl-animated-number sc-ecl-animated-numbers-ec" description="Ut enim ad minim veniam, quis nostrud exercitation ullamco laboris." icon="trend-up" item-prefix="million" item-suffix="<" item-suffix-label="less than" role="listitem" sources="[
                  { &quot;label&quot;: &quot;DG CNECT&quot;, &quot;path&quot;: &quot;/example.html&quot; }
                ]" sources-label="Sources:" value="975">
          <div class="ecl-animated-number__header sc-ecl-animated-numbers-ec">
            <div class="ecl-animated-number__category sc-ecl-animated-numbers-ec">
              Revenue
            </div>
            <ecl-icon style-class="ecl-animated-number__icon sc-ecl-animated-numbers-ec">
              <span class="ecl-animated-number__icon ecl-icon ecl-icon--xl sc-ecl-animated-numbers-ec wt-icon--placeholder wt-icon--primary wt-icon-phosphor--trend-up"></span>
            </ecl-icon>
          </div>
          <div class="ecl-animated-number__content sc-ecl-animated-numbers-ec">
            <span class="ecl-animated-number__number sc-ecl-animated-numbers-ec">
              <span class="ecl-animated-number__prefix sc-ecl-animated-numbers-ec"></span>
              <span class="ecl-animated-number__value sc-ecl-animated-numbers-ec" data-ecl-animated-numbers-value>
                975
              </span>
              <span class="ecl-animated-number__suffix sc-ecl-animated-numbers-ec">
                <span class="ecl-animated-number__suffix-label sc-ecl-animated-numbers-ec">
                  less than
                </span>
              </span>
            </span>
            <div class="ecl-animated-number__description sc-ecl-animated-numbers-ec">
              Ut enim ad minim veniam, quis nostrud exercitation ullamco laboris.
            </div>
            <div class="ecl-animated-numbers__sources sc-ecl-animated-numbers-ec">
              <span class="ecl-animated-numbers__sources-label sc-ecl-animated-numbers-ec">
                Sources:
              </span>
              <ul class="ecl-animated-numbers__sources-list sc-ecl-animated-numbers-ec">
                <li class="ecl-animated-numbers__sources-item sc-ecl-animated-numbers-ec">
                  <ecl-link style-class="ecl-animated-numbers__source sc-ecl-animated-numbers-ec">
                    <!---->
                    <a class="ecl-animated-numbers__source ecl-link sc-ecl-animated-numbers-ec" href="/example.html">
                      DG CNECT
                    </a>
                  </ecl-link>
                </li>
              </ul>
            </div>
          </div>
        </ecl-animated-numbers-item>
        <ecl-animated-numbers-item category="Revenue" class="ecl-animated-number sc-ecl-animated-numbers-ec" description="Nemo enim ipsam voluptatem quia voluptas sit aspernatur aut odit aut fugit." icon="pulse" item-prefix="€" item-prefix-label="euro" item-suffix="billions" role="listitem" sources="[
                  { &quot;label&quot;: &quot;DG CNECT&quot;, &quot;path&quot;: &quot;/example.html&quot; }
                ]" sources-label="Sources:" value="1250">
          <div class="ecl-animated-number__header sc-ecl-animated-numbers-ec">
            <div class="ecl-animated-number__category sc-ecl-animated-numbers-ec">
              Revenue
            </div>
            <ecl-icon style-class="ecl-animated-number__icon sc-ecl-animated-numbers-ec">
              <span class="ecl-animated-number__icon ecl-icon ecl-icon--xl sc-ecl-animated-numbers-ec wt-icon--placeholder wt-icon--primary wt-icon-phosphor--pulse"></span>
            </ecl-icon>
          </div>
          <div class="ecl-animated-number__content sc-ecl-animated-numbers-ec">
            <span class="ecl-animated-number__number sc-ecl-animated-numbers-ec">
              <span class="ecl-animated-number__prefix sc-ecl-animated-numbers-ec">
                <span class="ecl-animated-number__prefix-label sc-ecl-animated-numbers-ec">
                  euro
                </span>
              </span>
              <span class="ecl-animated-number__value sc-ecl-animated-numbers-ec" data-ecl-animated-numbers-value>
                1250
              </span>
              <span class="ecl-animated-number__suffix sc-ecl-animated-numbers-ec"></span>
            </span>
            <div class="ecl-animated-number__description sc-ecl-animated-numbers-ec">
              Nemo enim ipsam voluptatem quia voluptas sit aspernatur aut odit aut fugit.
            </div>
            <div class="ecl-animated-numbers__sources sc-ecl-animated-numbers-ec">
              <span class="ecl-animated-numbers__sources-label sc-ecl-animated-numbers-ec">
                Sources:
              </span>
              <ul class="ecl-animated-numbers__sources-list sc-ecl-animated-numbers-ec">
                <li class="ecl-animated-numbers__sources-item sc-ecl-animated-numbers-ec">
                  <ecl-link style-class="ecl-animated-numbers__source sc-ecl-animated-numbers-ec">
                    <!---->
                    <a class="ecl-animated-numbers__source ecl-link sc-ecl-animated-numbers-ec" href="/example.html">
                      DG CNECT
                    </a>
                  </ecl-link>
                </li>
              </ul>
            </div>
          </div>
        </ecl-animated-numbers-item>
        <ecl-animated-numbers-item category="Revenue" class="ecl-animated-number sc-ecl-animated-numbers-ec" description="Curabitur ut mauris quam. Fusce non consequat ipsum" icon="atom" item-prefix="€" item-prefix-label="euro" item-suffix="millions" role="listitem" sources="[
                  { &quot;label&quot;: &quot;DG CNECT&quot;, &quot;path&quot;: &quot;/example.html&quot; }
                ]" sources-label="Sources:" value="4350">
          <div class="ecl-animated-number__header sc-ecl-animated-numbers-ec">
            <div class="ecl-animated-number__category sc-ecl-animated-numbers-ec">
              Revenue
            </div>
            <ecl-icon style-class="ecl-animated-number__icon sc-ecl-animated-numbers-ec">
              <span class="ecl-animated-number__icon ecl-icon ecl-icon--xl sc-ecl-animated-numbers-ec wt-icon--placeholder wt-icon--primary wt-icon-phosphor--atom"></span>
            </ecl-icon>
          </div>
          <div class="ecl-animated-number__content sc-ecl-animated-numbers-ec">
            <span class="ecl-animated-number__number sc-ecl-animated-numbers-ec">
              <span class="ecl-animated-number__prefix sc-ecl-animated-numbers-ec">
                <span class="ecl-animated-number__prefix-label sc-ecl-animated-numbers-ec">
                  euro
                </span>
              </span>
              <span class="ecl-animated-number__value sc-ecl-animated-numbers-ec" data-ecl-animated-numbers-value>
                4350
              </span>
              <span class="ecl-animated-number__suffix sc-ecl-animated-numbers-ec"></span>
            </span>
            <div class="ecl-animated-number__description sc-ecl-animated-numbers-ec">
              Curabitur ut mauris quam. Fusce non consequat ipsum
            </div>
            <div class="ecl-animated-numbers__sources sc-ecl-animated-numbers-ec">
              <span class="ecl-animated-numbers__sources-label sc-ecl-animated-numbers-ec">
                Sources:
              </span>
              <ul class="ecl-animated-numbers__sources-list sc-ecl-animated-numbers-ec">
                <li class="ecl-animated-numbers__sources-item sc-ecl-animated-numbers-ec">
                  <ecl-link style-class="ecl-animated-numbers__source sc-ecl-animated-numbers-ec">
                    <!---->
                    <a class="ecl-animated-numbers__source ecl-link sc-ecl-animated-numbers-ec" href="/example.html">
                      DG CNECT
                    </a>
                  </ecl-link>
                </li>
              </ul>
            </div>
          </div>
        </ecl-animated-numbers-item>
        <ecl-animated-numbers-item category="Revenue" class="ecl-animated-number sc-ecl-animated-numbers-ec" description="Curabitur ut mauris quam. Fusce non consequat ipsum" icon="bell-simple" item-prefix="€" item-prefix-label="euro" item-suffix="billions" role="listitem" sources="[
                  { &quot;label&quot;: &quot;DG CNECT&quot;, &quot;path&quot;: &quot;/example.html&quot; }
                ]" sources-label="Sources:" value="125">
          <div class="ecl-animated-number__header sc-ecl-animated-numbers-ec">
            <div class="ecl-animated-number__category sc-ecl-animated-numbers-ec">
              Revenue
            </div>
            <ecl-icon style-class="ecl-animated-number__icon sc-ecl-animated-numbers-ec">
              <span class="ecl-animated-number__icon ecl-icon ecl-icon--xl sc-ecl-animated-numbers-ec wt-icon--placeholder wt-icon--primary wt-icon-phosphor--bell-simple"></span>
            </ecl-icon>
          </div>
          <div class="ecl-animated-number__content sc-ecl-animated-numbers-ec">
            <span class="ecl-animated-number__number sc-ecl-animated-numbers-ec">
              <span class="ecl-animated-number__prefix sc-ecl-animated-numbers-ec">
                <span class="ecl-animated-number__prefix-label sc-ecl-animated-numbers-ec">
                  euro
                </span>
              </span>
              <span class="ecl-animated-number__value sc-ecl-animated-numbers-ec" data-ecl-animated-numbers-value>
                125
              </span>
              <span class="ecl-animated-number__suffix sc-ecl-animated-numbers-ec"></span>
            </span>
            <div class="ecl-animated-number__description sc-ecl-animated-numbers-ec">
              Curabitur ut mauris quam. Fusce non consequat ipsum
            </div>
            <div class="ecl-animated-numbers__sources sc-ecl-animated-numbers-ec">
              <span class="ecl-animated-numbers__sources-label sc-ecl-animated-numbers-ec">
                Sources:
              </span>
              <ul class="ecl-animated-numbers__sources-list sc-ecl-animated-numbers-ec">
                <li class="ecl-animated-numbers__sources-item sc-ecl-animated-numbers-ec">
                  <ecl-link style-class="ecl-animated-numbers__source sc-ecl-animated-numbers-ec">
                    <!---->
                    <a class="ecl-animated-numbers__source ecl-link sc-ecl-animated-numbers-ec" href="/example.html">
                      DG CNECT
                    </a>
                  </ecl-link>
                </li>
              </ul>
            </div>
          </div>
        </ecl-animated-numbers-item>
        <ecl-animated-numbers-item category="Revenue" class="ecl-animated-number sc-ecl-animated-numbers-ec" description="Integer pharetra lacinia tristique" icon="boat" item-prefix="€" item-prefix-label="euro" item-suffix="billions" role="listitem" sources="[
                  { &quot;label&quot;: &quot;DG CNECT&quot;, &quot;path&quot;: &quot;/example.html&quot; }
                ]" sources-label="Sources:" value="8765">
          <div class="ecl-animated-number__header sc-ecl-animated-numbers-ec">
            <div class="ecl-animated-number__category sc-ecl-animated-numbers-ec">
              Revenue
            </div>
            <ecl-icon style-class="ecl-animated-number__icon sc-ecl-animated-numbers-ec">
              <span class="ecl-animated-number__icon ecl-icon ecl-icon--xl sc-ecl-animated-numbers-ec wt-icon--placeholder wt-icon--primary wt-icon-phosphor--boat"></span>
            </ecl-icon>
          </div>
          <div class="ecl-animated-number__content sc-ecl-animated-numbers-ec">
            <span class="ecl-animated-number__number sc-ecl-animated-numbers-ec">
              <span class="ecl-animated-number__prefix sc-ecl-animated-numbers-ec">
                <span class="ecl-animated-number__prefix-label sc-ecl-animated-numbers-ec">
                  euro
                </span>
              </span>
              <span class="ecl-animated-number__value sc-ecl-animated-numbers-ec" data-ecl-animated-numbers-value>
                8765
              </span>
              <span class="ecl-animated-number__suffix sc-ecl-animated-numbers-ec"></span>
            </span>
            <div class="ecl-animated-number__description sc-ecl-animated-numbers-ec">
              Integer pharetra lacinia tristique
            </div>
            <div class="ecl-animated-numbers__sources sc-ecl-animated-numbers-ec">
              <span class="ecl-animated-numbers__sources-label sc-ecl-animated-numbers-ec">
                Sources:
              </span>
              <ul class="ecl-animated-numbers__sources-list sc-ecl-animated-numbers-ec">
                <li class="ecl-animated-numbers__sources-item sc-ecl-animated-numbers-ec">
                  <ecl-link style-class="ecl-animated-numbers__source sc-ecl-animated-numbers-ec">
                    <!---->
                    <a class="ecl-animated-numbers__source ecl-link sc-ecl-animated-numbers-ec" href="/example.html">
                      DG CNECT
                    </a>
                  </ecl-link>
                </li>
              </ul>
            </div>
          </div>
        </ecl-animated-numbers-item>
      </div>
      <footer class="ecl-animated-numbers__sources">
        <span class="ecl-animated-numbers__sources-label">
          Sources:
        </span>
        <ul class="ecl-animated-numbers__sources-list">
          <li class="ecl-animated-numbers__sources-item">
            <ecl-link style-class="ecl-animated-numbers__source sc-ecl-animated-numbers-ec">
              <!---->
              <a class="ecl-animated-numbers__source ecl-link sc-ecl-animated-numbers-ec" href="/example.html">
                Eurostat
              </a>
            </ecl-link>
          </li>
          <li class="ecl-animated-numbers__sources-item">
            <ecl-link style-class="ecl-animated-numbers__source sc-ecl-animated-numbers-ec">
              <!---->
              <a class="ecl-animated-numbers__source ecl-link sc-ecl-animated-numbers-ec" href="/example.html">
                DG CNECT
              </a>
            </ecl-link>
          </li>
        </ul>
      </footer>
    </article>
  </div>
</ecl-animated-numbers>
`;
