// Jest Snapshot v1, https://goo.gl/fbAQLP

exports[`ecl-accordion renders 1`] = `
<ecl-accordion>
  <!---->
  <div class="ecl-accordion">
    <ecl-accordion-item label="Protecting citizens and freedoms">
      <!---->
      <details class="ecl-accordion__item is-first is-last sc-ecl-accordion-ec">
        <summary class="ecl-accordion__toggle sc-ecl-accordion-ec">
          Protecting citizens and freedoms
          <ecl-icon style-class="ecl-accordion__toggle-icon ecl-accordion__toggle-icon--plus sc-ecl-accordion-ec">
            <span class="ecl-accordion__toggle-icon ecl-accordion__toggle-icon--plus ecl-icon ecl-icon--s sc-ecl-accordion-ec wt-icon--placeholder wt-icon-phosphor--plus"></span>
          </ecl-icon>
          <ecl-icon style-class="ecl-accordion__toggle-icon ecl-accordion__toggle-icon--minus sc-ecl-accordion-ec">
            <span class="ecl-accordion__toggle-icon ecl-accordion__toggle-icon--minus ecl-icon ecl-icon--s sc-ecl-accordion-ec wt-icon--placeholder wt-icon-phosphor--minus"></span>
          </ecl-icon>
        </summary>
        <div class="ecl-accordion__content sc-ecl-accordion-ec">
          Ensuring effective control of the EU's external borders and further developing a comprehensive migration policy. Fighting terrorism and cross-border/online crime, increasing the EU's resilience against both natural and human-made disasters.
        </div>
      </details>
    </ecl-accordion-item>
    <ecl-accordion-item expanded="" label="Developing a strong and vibrant economic base">
      <!---->
      <details class="ecl-accordion__item is-first is-last sc-ecl-accordion-ec">
        <summary class="ecl-accordion__toggle sc-ecl-accordion-ec">
          Developing a strong and vibrant economic base
          <ecl-icon style-class="ecl-accordion__toggle-icon ecl-accordion__toggle-icon--plus sc-ecl-accordion-ec">
            <span class="ecl-accordion__toggle-icon ecl-accordion__toggle-icon--plus ecl-icon ecl-icon--s sc-ecl-accordion-ec wt-icon--placeholder wt-icon-phosphor--plus"></span>
          </ecl-icon>
          <ecl-icon style-class="ecl-accordion__toggle-icon ecl-accordion__toggle-icon--minus sc-ecl-accordion-ec">
            <span class="ecl-accordion__toggle-icon ecl-accordion__toggle-icon--minus ecl-icon ecl-icon--s sc-ecl-accordion-ec wt-icon--placeholder wt-icon-phosphor--minus"></span>
          </ecl-icon>
        </summary>
        <div class="ecl-accordion__content sc-ecl-accordion-ec">
          Building a resilient economy by deepening the Economic and Monetary Union to ensure that Europe is better prepared for future shocks, completing the banking and capital markets union, strengthening the international role of the euro, investing in skills and education, supporting Europe's businesses, embracing digital transformation, and developing a robust industrial policy.
        </div>
      </details>
    </ecl-accordion-item>
    <ecl-accordion-item label="Building a climate-neutral, green, fair and social Europe">
      <!---->
      <details class="ecl-accordion__item is-first is-last sc-ecl-accordion-ec">
        <summary class="ecl-accordion__toggle sc-ecl-accordion-ec">
          Building a climate-neutral, green, fair and social Europe
          <ecl-icon style-class="ecl-accordion__toggle-icon ecl-accordion__toggle-icon--plus sc-ecl-accordion-ec">
            <span class="ecl-accordion__toggle-icon ecl-accordion__toggle-icon--plus ecl-icon ecl-icon--s sc-ecl-accordion-ec wt-icon--placeholder wt-icon-phosphor--plus"></span>
          </ecl-icon>
          <ecl-icon style-class="ecl-accordion__toggle-icon ecl-accordion__toggle-icon--minus sc-ecl-accordion-ec">
            <span class="ecl-accordion__toggle-icon ecl-accordion__toggle-icon--minus ecl-icon ecl-icon--s sc-ecl-accordion-ec wt-icon--placeholder wt-icon-phosphor--minus"></span>
          </ecl-icon>
        </summary>
        <div class="ecl-accordion__content sc-ecl-accordion-ec">
          Investing in green initiatives that improve air and water quality, promote sustainable agriculture and preserve environmental systems and biodiversity. Creating an effective circular economy (where products are designed to be more durable, reusable, repairable, recyclable and energy-efficient) and a well-functioning EU energy market that provides sustainable, secure and affordable energy. A faster transition to renewables and energy efficiency, while reducing the EU's dependency on outside energy sources. Implementing the European Pillar of Social Rights.
        </div>
      </details>
    </ecl-accordion-item>
    <ecl-accordion-item label="Promoting European interests and values on the global stage">
      <!---->
      <details class="ecl-accordion__item is-first is-last sc-ecl-accordion-ec">
        <summary class="ecl-accordion__toggle sc-ecl-accordion-ec">
          Promoting European interests and values on the global stage
          <ecl-icon style-class="ecl-accordion__toggle-icon ecl-accordion__toggle-icon--plus sc-ecl-accordion-ec">
            <span class="ecl-accordion__toggle-icon ecl-accordion__toggle-icon--plus ecl-icon ecl-icon--s sc-ecl-accordion-ec wt-icon--placeholder wt-icon-phosphor--plus"></span>
          </ecl-icon>
          <ecl-icon style-class="ecl-accordion__toggle-icon ecl-accordion__toggle-icon--minus sc-ecl-accordion-ec">
            <span class="ecl-accordion__toggle-icon ecl-accordion__toggle-icon--minus ecl-icon ecl-icon--s sc-ecl-accordion-ec wt-icon--placeholder wt-icon-phosphor--minus"></span>
          </ecl-icon>
        </summary>
        <div class="ecl-accordion__content sc-ecl-accordion-ec">
          Building a robust foreign policy based on an ambitious neighbourhood policy with 16 of its closest eastern and southern neighbours and a comprehensive partnership with Africa. Promoting global peace, stability, democracy and human rights. Ensuring a robust trade policy in line with multilateralism and the global rules-based international order. Taking greater responsibility for security and defence, while cooperating closely with NATO.
        </div>
      </details>
    </ecl-accordion-item>
  </div>
</ecl-accordion>
`;
