// Jest Snapshot v1, https://goo.gl/fbAQLP

exports[`ecl-footer renders 1`] = `
<ecl-footer description="This site is managed by the Directorate-General for Communication" logo-alt="European Union" logo-lang-code="en" logo-title="European union" site-name="European Commission website" theme="ec">
  <!---->
  <footer class="ecl-site-footer ecl-site-footer--split-columns">
    <div class="ecl-container ecl-site-footer__container">
      <div class="ecl-site-footer__row">
        <div class="ecl-site-footer__column">
          <div class="ecl-site-footer__section">
            <ecl-link>
              <!---->
              <a class="ecl-link ecl-link--standalone ecl-site-footer__logo-link sc-ecl-footer-ec">
                <ecl-picture image="/build/images/ec/logos/negative/logo-ec--en.svg" imagealt="European Union" imgclass="ecl-site-footer__logo-image-desktop sc-ecl-site-footer-ec" styleclass="ecl-site-footer__picture sc-ecl-site-footer-ec"></ecl-picture>
                <slot-fb name="icon-after"></slot-fb>
              </a>
            </ecl-link>
            <h2 class="ecl-site-footer__title">
              European Commission website
            </h2>
            <div class="ecl-site-footer__description">
              This site is managed by the Directorate-General for Communication
            </div>
          </div>
        </div>
        <div class="ecl-site-footer__column">
          <div class="ecl-site-footer__section ecl-site-footer__section--separator">
            <ul class="ecl-site-footer__list ecl-site-footer__list--columns">
              <li class="ecl-site-footer__list-item sc-ecl-footer-ec">
                <ecl-link>
                  <!---->
                  <a class="ecl-link ecl-link--standalone ecl-site-footer__link sc-ecl-footer-ec" href="/example">
                    Strategy
                    <slot-fb name="icon-after"></slot-fb>
                  </a>
                </ecl-link>
              </li>
              <li class="ecl-site-footer__list-item sc-ecl-footer-ec">
                <ecl-link>
                  <!---->
                  <a class="ecl-link ecl-link--standalone ecl-site-footer__link sc-ecl-footer-ec" href="/example">
                    About the European Commission
                    <slot-fb name="icon-after"></slot-fb>
                  </a>
                </ecl-link>
              </li>
              <li class="ecl-site-footer__list-item sc-ecl-footer-ec">
                <ecl-link>
                  <!---->
                  <a class="ecl-link ecl-link--standalone ecl-site-footer__link sc-ecl-footer-ec" href="/example">
                    Business, Economy, Euro
                    <slot-fb name="icon-after"></slot-fb>
                  </a>
                </ecl-link>
              </li>
              <li class="ecl-site-footer__list-item sc-ecl-footer-ec">
                <ecl-link>
                  <!---->
                  <a class="ecl-link ecl-link--standalone ecl-site-footer__link sc-ecl-footer-ec" href="/example">
                    Live, work, travel in the EU
                    <slot-fb name="icon-after"></slot-fb>
                  </a>
                </ecl-link>
              </li>
              <li class="ecl-site-footer__list-item sc-ecl-footer-ec">
                <ecl-link>
                  <!---->
                  <a class="ecl-link ecl-link--standalone ecl-site-footer__link sc-ecl-footer-ec" href="/example">
                    Law
                    <slot-fb name="icon-after"></slot-fb>
                  </a>
                </ecl-link>
              </li>
              <li class="ecl-site-footer__list-item sc-ecl-footer-ec">
                <ecl-link>
                  <!---->
                  <a class="ecl-link ecl-link--standalone ecl-site-footer__link sc-ecl-footer-ec" href="/example">
                    Funding, Tenders
                    <slot-fb name="icon-after"></slot-fb>
                  </a>
                </ecl-link>
              </li>
              <li class="ecl-site-footer__list-item sc-ecl-footer-ec">
                <ecl-link>
                  <!---->
                  <a class="ecl-link ecl-link--standalone ecl-site-footer__link sc-ecl-footer-ec" href="/example">
                    Research and innovation
                    <slot-fb name="icon-after"></slot-fb>
                  </a>
                </ecl-link>
              </li>
              <li class="ecl-site-footer__list-item sc-ecl-footer-ec">
                <ecl-link>
                  <!---->
                  <a class="ecl-link ecl-link--standalone ecl-site-footer__link sc-ecl-footer-ec" href="/example">
                    Energy, Climate change, Environment
                    <slot-fb name="icon-after"></slot-fb>
                  </a>
                </ecl-link>
              </li>
              <li class="ecl-site-footer__list-item sc-ecl-footer-ec">
                <ecl-link>
                  <!---->
                  <a class="ecl-link ecl-link--standalone ecl-site-footer__link sc-ecl-footer-ec" href="/example">
                    Education
                    <slot-fb name="icon-after"></slot-fb>
                  </a>
                </ecl-link>
              </li>
              <li class="ecl-site-footer__list-item sc-ecl-footer-ec">
                <ecl-link>
                  <!---->
                  <a class="ecl-link ecl-link--standalone ecl-site-footer__link sc-ecl-footer-ec" href="/example">
                    Aid, Development cooperation, Fundamental rights
                    <slot-fb name="icon-after"></slot-fb>
                  </a>
                </ecl-link>
              </li>
              <li class="ecl-site-footer__list-item sc-ecl-footer-ec">
                <ecl-link>
                  <!---->
                  <a class="ecl-link ecl-link--standalone ecl-site-footer__link sc-ecl-footer-ec" href="/example">
                    Food, Farming, Fisheries
                    <slot-fb name="icon-after"></slot-fb>
                  </a>
                </ecl-link>
              </li>
              <li class="ecl-site-footer__list-item sc-ecl-footer-ec">
                <ecl-link>
                  <!---->
                  <a class="ecl-link ecl-link--standalone ecl-site-footer__link sc-ecl-footer-ec" href="/example">
                    EU regional and urban development
                    <slot-fb name="icon-after"></slot-fb>
                  </a>
                </ecl-link>
              </li>
              <li class="ecl-site-footer__list-item sc-ecl-footer-ec">
                <ecl-link>
                  <!---->
                  <a class="ecl-link ecl-link--standalone ecl-site-footer__link sc-ecl-footer-ec" href="/example">
                    Jobs at the European Commission
                    <slot-fb name="icon-after"></slot-fb>
                  </a>
                </ecl-link>
              </li>
              <li class="ecl-site-footer__list-item sc-ecl-footer-ec">
                <ecl-link>
                  <!---->
                  <a class="ecl-link ecl-link--standalone ecl-site-footer__link sc-ecl-footer-ec" href="/example">
                    Statistics
                    <slot-fb name="icon-after"></slot-fb>
                  </a>
                </ecl-link>
              </li>
              <li class="ecl-site-footer__list-item sc-ecl-footer-ec">
                <ecl-link>
                  <!---->
                  <a class="ecl-link ecl-link--standalone ecl-site-footer__link sc-ecl-footer-ec" href="/example">
                    News
                    <slot-fb name="icon-after"></slot-fb>
                  </a>
                </ecl-link>
              </li>
              <li class="ecl-site-footer__list-item sc-ecl-footer-ec">
                <ecl-link>
                  <!---->
                  <a class="ecl-link ecl-link--standalone ecl-site-footer__link sc-ecl-footer-ec" href="/example">
                    Events
                    <slot-fb name="icon-after"></slot-fb>
                  </a>
                </ecl-link>
              </li>
              <li class="ecl-site-footer__list-item sc-ecl-footer-ec">
                <ecl-link>
                  <!---->
                  <a class="ecl-link ecl-link--standalone ecl-site-footer__link sc-ecl-footer-ec" href="/example">
                    Publications
                    <slot-fb name="icon-after"></slot-fb>
                  </a>
                </ecl-link>
              </li>
            </ul>
          </div>
          <div class="ecl-site-footer__section">
            <ul class="ecl-site-footer__list">
              <li class="ecl-site-footer__list-item sc-ecl-footer-ec">
                <ecl-link>
                  <!---->
                  <a class="ecl-link ecl-link--standalone ecl-site-footer__link sc-ecl-footer-ec" href="/example">
                    About the European Commission's web presence
                    <slot-fb name="icon-after"></slot-fb>
                  </a>
                </ecl-link>
              </li>
              <li class="ecl-site-footer__list-item sc-ecl-footer-ec">
                <ecl-link>
                  <!---->
                  <a class="ecl-link ecl-link--standalone ecl-site-footer__link sc-ecl-footer-ec" href="/example">
                    Contact the European Commission
                    <slot-fb name="icon-after"></slot-fb>
                  </a>
                </ecl-link>
              </li>
              <li class="ecl-site-footer__list-item sc-ecl-footer-ec">
                <ecl-link>
                  <!---->
                  <a class="ecl-link ecl-link--standalone ecl-site-footer__link sc-ecl-footer-ec" href="/example">
                    Follow the European Commission on social media
                    <slot-fb name="icon-after"></slot-fb>
                  </a>
                </ecl-link>
              </li>
              <li class="ecl-site-footer__list-item sc-ecl-footer-ec">
                <ecl-link>
                  <!---->
                  <a class="ecl-link ecl-link--standalone ecl-site-footer__link sc-ecl-footer-ec" href="/example">
                    Resources for partners
                    <slot-fb name="icon-after"></slot-fb>
                  </a>
                </ecl-link>
              </li>
            </ul>
          </div>
          <div class="ecl-site-footer__section">
            <ul class="ecl-site-footer__list">
              <li class="ecl-site-footer__list-item sc-ecl-footer-ec">
                <ecl-link>
                  <!---->
                  <a class="ecl-link ecl-link--standalone ecl-site-footer__link sc-ecl-footer-ec" href="/example">
                    Languages on our websites
                    <slot-fb name="icon-after"></slot-fb>
                  </a>
                </ecl-link>
              </li>
              <li class="ecl-site-footer__list-item sc-ecl-footer-ec">
                <ecl-link>
                  <!---->
                  <a class="ecl-link ecl-link--standalone ecl-site-footer__link sc-ecl-footer-ec" href="/example">
                    Cookies
                    <slot-fb name="icon-after"></slot-fb>
                  </a>
                </ecl-link>
              </li>
              <li class="ecl-site-footer__list-item sc-ecl-footer-ec">
                <ecl-link>
                  <!---->
                  <a class="ecl-link ecl-link--standalone ecl-site-footer__link sc-ecl-footer-ec" href="/example">
                    Privacy policy
                    <slot-fb name="icon-after"></slot-fb>
                  </a>
                </ecl-link>
              </li>
              <li class="ecl-site-footer__list-item sc-ecl-footer-ec">
                <ecl-link>
                  <!---->
                  <a class="ecl-link ecl-link--standalone ecl-site-footer__link sc-ecl-footer-ec" href="/example">
                    Legal notice
                    <slot-fb name="icon-after"></slot-fb>
                  </a>
                </ecl-link>
              </li>
            </ul>
          </div>
        </div>
      </div>
    </div>
  </footer>
</ecl-footer>
`;
