// Jest Snapshot v1, https://goo.gl/fbAQLP

exports[`ecl-search-form renders 1`] = `
<ecl-search-form button-aria-label="Search" button-label="Search" input-id="ecl-search-form" placeholder="Placeholder text" theme="ec" width="m">
  <form class="ecl-search-form" role="search">
    <ecl-form-group style-class="sc-ecl-search-form-ec">
      <!---->
      <div class="ecl-form-group sc-ecl-search-form-ec">
        <ecl-input input-class="ecl-search-form__text-input sc-ecl-search-form-ec" input-id="ecl-search-form" placeholder="Placeholder text" style-class="sc-ecl-search-form-ec" theme="ec" type="search"></ecl-input>
      </div>
    </ecl-form-group>
    <ecl-button aria-label="Search" style-class="ecl-search-form__button sc-ecl-search-form-ec undefined">
      <!---->
      <button aria-label="Search" class="ecl-button ecl-button--ghost ecl-search-form__button sc-ecl-search-form-ec undefined" type="search">
        <span class="ecl-button__container">
          <ecl-icon slot="icon-before" style-class="sc-ecl-search-form-ec">
            <span class="ecl-button__icon ecl-icon sc-ecl-button-ec sc-ecl-search-form-ec wt-icon--placeholder wt-icon--search wt-icon--xs"></span>
          </ecl-icon>
          <span class="ecl-button__label" data-ecl-label>
            Search
          </span>
        </span>
      </button>
    </ecl-button>
  </form>
</ecl-search-form>
`;
