// Jest Snapshot v1, https://goo.gl/fbAQLP

exports[`ecl-expandable renders 1`] = `
<ecl-expandable ecl-script="" el-id="expandable-id" icon-path="/icons.svg" label-collapsed="Expand" label-expanded="Collapse" theme="ec">
  <!---->
  <div class="ecl-expandable">
    <ecl-button data-ecl-expandable-toggle data-ecl-label-collapsed="Expand" data-ecl-label-expanded="Collapse" style-class="ecl-expandable__toggle sc-ecl-expandable-ec">
      <!---->
      <button aria-controls="expandable-id-content" aria-expanded="false" class="ecl-button ecl-button--ghost ecl-expandable__toggle sc-ecl-expandable-ec" data-ecl-expandable-toggle="eclExpandableToggle" data-ecl-label-collapsed="Expand" data-ecl-label-expanded="Collapse" type="button">
        <span class="ecl-button__container">
          <span class="ecl-button__label">
            <span class="ecl-button__label" data-ecl-label>
              Expand
            </span>
          </span>
          <ecl-icon icon="corner-arrow" size="fluid" slot="icon-after" style-class="ecl-button__icon ecl-button__icon--after sc-ecl-button-ec sc-ecl-expandable-ec" theme="ec" transform="rotate-180"></ecl-icon>
        </span>
      </button>
    </ecl-button>
    <div class="ecl-expandable__content" hidden="" id="expandable-id-content">
      <p class="ecl-u-type-paragraph-m sc-ecl-expandable-ec">
        The EU is building an energy union that ensures Europe’s energy supply is safe, viable and accessible to all. In doing so, it can boost the economy and attract investments that can create new jobs opportunities.
      </p>
    </div>
  </div>
</ecl-expandable>
`;
