// Jest Snapshot v1, https://goo.gl/fbAQLP

exports[`ecl-social-media-follow renders 1`] = `
<ecl-social-media-follow description="Follow on social media" position="right" variant="horizontal">
  <!---->
  <div class="ecl-social-media-follow ecl-social-media-follow--horizontal ecl-social-media-follow--right">
    <p class="ecl-social-media-follow__description">
      Follow on social media
    </p>
    <div class="ecl-social-media-follow__list" role="list">
      <ecl-social-media-follow-item class="ecl-social-media-follow__item sc-ecl-social-media-follow-ec" icon="facebook-color" role="listitem" share-path="http://facebook.com">
        <!---->
        <ecl-link icon-position="before" style-class="ecl-link ecl-link--standalone ecl-link--icon-before ecl-social-media-follow__link sc-ecl-social-media-follow-ec">
          <!---->
          <a class="ecl-link ecl-link--icon ecl-link--icon-before ecl-link--standalone ecl-social-media-follow__link sc-ecl-social-media-follow-ec" href="http://facebook.com">
            <ecl-icon class="ecl-link__icon" slot="icon-before">
              <span class="ecl-icon ecl-icon--s wt-icon--monochrome wt-icon--placeholder wt-icon-networks--facebook-color"></span>
            </ecl-icon>
            <span class="ecl-link__label">
              Facebook
            </span>
          </a>
        </ecl-link>
      </ecl-social-media-follow-item>
      <ecl-social-media-follow-item class="ecl-social-media-follow__item sc-ecl-social-media-follow-ec" icon="twitter-color" role="listitem" share-path="http://twitter.com">
        <!---->
        <ecl-link icon-position="before" style-class="ecl-link ecl-link--standalone ecl-link--icon-before ecl-social-media-follow__link sc-ecl-social-media-follow-ec">
          <!---->
          <a class="ecl-link ecl-link--icon ecl-link--icon-before ecl-link--standalone ecl-social-media-follow__link sc-ecl-social-media-follow-ec" href="http://twitter.com">
            <ecl-icon class="ecl-link__icon" slot="icon-before">
              <span class="ecl-icon ecl-icon--s wt-icon--monochrome wt-icon--placeholder wt-icon-networks--twitter-color"></span>
            </ecl-icon>
            <span class="ecl-link__label">
              Twitter
            </span>
          </a>
        </ecl-link>
      </ecl-social-media-follow-item>
      <ecl-social-media-follow-item class="ecl-social-media-follow__item sc-ecl-social-media-follow-ec" icon="instagram-color" role="listitem" share-path="http://instagram.com">
        <!---->
        <ecl-link icon-position="before" style-class="ecl-link ecl-link--standalone ecl-link--icon-before ecl-social-media-follow__link sc-ecl-social-media-follow-ec">
          <!---->
          <a class="ecl-link ecl-link--icon ecl-link--icon-before ecl-link--standalone ecl-social-media-follow__link sc-ecl-social-media-follow-ec" href="http://instagram.com">
            <ecl-icon class="ecl-link__icon" slot="icon-before">
              <span class="ecl-icon ecl-icon--s wt-icon--monochrome wt-icon--placeholder wt-icon-networks--instagram-color"></span>
            </ecl-icon>
            <span class="ecl-link__label">
              Instagram
            </span>
          </a>
        </ecl-link>
      </ecl-social-media-follow-item>
      <ecl-social-media-follow-item class="ecl-social-media-follow__item sc-ecl-social-media-follow-ec" icon="linkedin-color" role="listitem" share-path="http://linkedin.com">
        <!---->
        <ecl-link icon-position="before" style-class="ecl-link ecl-link--standalone ecl-link--icon-before ecl-social-media-follow__link sc-ecl-social-media-follow-ec">
          <!---->
          <a class="ecl-link ecl-link--icon ecl-link--icon-before ecl-link--standalone ecl-social-media-follow__link sc-ecl-social-media-follow-ec" href="http://linkedin.com">
            <ecl-icon class="ecl-link__icon" slot="icon-before">
              <span class="ecl-icon ecl-icon--s wt-icon--monochrome wt-icon--placeholder wt-icon-networks--linkedin-color"></span>
            </ecl-icon>
            <span class="ecl-link__label">
              Linkedin
            </span>
          </a>
        </ecl-link>
      </ecl-social-media-follow-item>
      <ecl-social-media-follow-item class="ecl-social-media-follow__item sc-ecl-social-media-follow-ec" icon="telegram-color" role="listitem" share-path="http://telegram.com">
        <!---->
        <ecl-link icon-position="before" style-class="ecl-link ecl-link--standalone ecl-link--icon-before ecl-social-media-follow__link sc-ecl-social-media-follow-ec">
          <!---->
          <a class="ecl-link ecl-link--icon ecl-link--icon-before ecl-link--standalone ecl-social-media-follow__link sc-ecl-social-media-follow-ec" href="http://telegram.com">
            <ecl-icon class="ecl-link__icon" slot="icon-before">
              <span class="ecl-icon ecl-icon--s wt-icon--monochrome wt-icon--placeholder wt-icon-networks--telegram-color"></span>
            </ecl-icon>
            <span class="ecl-link__label">
              Telegram
            </span>
          </a>
        </ecl-link>
      </ecl-social-media-follow-item>
      <ecl-social-media-follow-item class="ecl-social-media-follow__item sc-ecl-social-media-follow-ec" icon="chain" role="listitem" share-path="http://example.html">
        <!---->
        <ecl-link icon-position="before" style-class="ecl-link ecl-link--standalone ecl-link--icon-before ecl-social-media-follow__link sc-ecl-social-media-follow-ec">
          <!---->
          <a class="ecl-link ecl-link--icon ecl-link--icon-before ecl-link--standalone ecl-social-media-follow__link sc-ecl-social-media-follow-ec" href="http://example.html">
            <ecl-icon class="ecl-link__icon" slot="icon-before">
              <span class="ecl-icon ecl-icon--s wt-icon--monochrome wt-icon--placeholder wt-icon-networks--chain"></span>
            </ecl-icon>
            <span class="ecl-link__label">
              Other
            </span>
          </a>
        </ecl-link>
      </ecl-social-media-follow-item>
    </div>
  </div>
</ecl-social-media-follow>
`;
